---
source: core/engine/tests/engine.rs
expression: serialized_result
---
performance: "[perf]"
result:
  a:
    "$serde_json::private::Number": "1"
  b:
    "$serde_json::private::Number": "2"
  sum:
    "$serde_json::private::Number": "3"
trace:
  6b9cfc7e-4776-4b3f-8a19-c2a4d7874770:
    id: 6b9cfc7e-4776-4b3f-8a19-c2a4d7874770
    input:
      a:
        "$serde_json::private::Number": "1"
      b:
        "$serde_json::private::Number": "2"
      sum: []
    name: expression1
    order:
      "$serde_json::private::Number": "1"
    output:
      a:
        "$serde_json::private::Number": "1"
      b:
        "$serde_json::private::Number": "2"
      sum:
        "$serde_json::private::Number": "3"
    performance: "[perf]"
    traceData:
      sum:
        result: "3"
  deced339-bace-452a-8db0-777f038bffe8:
    id: deced339-bace-452a-8db0-777f038bffe8
    input: ~
    name: request
    order:
      "$serde_json::private::Number": "0"
    output:
      a:
        "$serde_json::private::Number": "1"
      b:
        "$serde_json::private::Number": "2"
      sum: []
    performance: "[perf]"
    traceData: ~
